[fanaticforfitness79353315.wordpress.com/index.html]
[backblue.gif]
[fade.gif]
[index.html]
[s1.wp.com/wp-content/themes/pub/varia/print9298.css]
[fanaticforfitness79353315.wordpress.com/feed/index.html]
[s0.wp.com/wp-content/themes/pub/balasana/style8d68.css]
[fanaticforfitness79353315.wordpress.com/comments/feed/index.html]
[s0.wp.com/_static/indexbbab.html]
[fanaticforfitness79353315.wordpress.com/xmlrpc0db0.php]
[s2.wp.com/i/webclip.png]
[fanaticforfitness79353315.wordpress.com/osd.xml]
[balasanastarter.files.wordpress.com/2020/06/beautiful-beauty-blond-hair-18820040353.jpg]
[balasanastarter.files.wordpress.com/2020/06/acro-yoga-active-balance-1881993.jpg]
[fanaticforfitness79353315.wordpress.com/testing/index.html]
[fanaticforfitness79353315.wordpress.com/category/uncategorized/index.html]
[fanaticforfitness79353315.wordpress.com/experts/index.html]
[balasanastarter.files.wordpress.com/2020/06/balance-clothes-colors-18820030353.jpg]
[0.gravatar.com/js/gprofilesd050.js]
[fanaticforfitness79353315.wordpress.com/underweight/index.html]
[fanaticforfitness79353315.wordpress.com/overweight/index.html]
[s1.wp.com/wp-content/mu-plugins/gravatar-hovercards/wpgrohodc5c.js]
[fanaticforfitness79353315.wordpress.com/our-devices/index.html]
[s0.wp.com/wp-content/mu-plugins/actionbar/actionbar61ea.css]
[s0.wp.com/wp-content/mu-plugins/actionbar/actionbar61ea.js]
[s0.wp.com/wp-content/mu-plugins/carousel/jetpack-carousel2ca6.css]
[stats.wp.com/w7f39.js]
[fanaticforfitness79353315.wordpress.com/wp-content/plugins/ie-sitemode/custom-jumplist.php]
[pixel.wp.com/b0b80.gif]
[fanaticforfitness79353315.wordpress.com/index.html]
[s1.wp.com/wp-content/themes/pub/varia/print9298.css]
[s0.wp.com/wp-content/themes/pub/balasana/style8d68.css]
[fanaticforfitness79353315.wordpress.com/experts/index.html]
[s0.wp.com/_static/index6c5c.html]
[fanaticforfitness79353315.wordpress.com/category/uncategorized/index.html]
[fanaticforfitness79353315.wordpress.com/testing/index.html]
[s0.wp.com/wp-content/themes/h4/global21a2.css]
[fanaticforfitness79353315.wordpress.com/underweight/index.html]
[fanaticforfitness79353315.wordpress.com/overweight/index.html]
[fanaticforfitness79353315.wordpress.com/category/uncategorized/feed/index.html]
[fanaticforfitness79353315.wordpress.com/our-devices/index.html]
[s0.wp.com/wp-content/mu-plugins/actionbar/actionbar61ea.css]
[s0.wp.com/wp-content/mu-plugins/carousel/images/arrows.png]
[s0.wp.com/wp-content/mu-plugins/carousel/images/arrows-2x.png]
[s0.wp.com/wp-content/mu-plugins/carousel/images/carousel-spritee4da.png]
[s0.wp.com/wp-content/mu-plugins/carousel/images/carousel-sprite-2xe4da.png]
[s0.wp.com/wp-content/mu-plugins/carousel/jetpack-carousel2ca6.css]
[fanaticforfitness79353315.wordpress.com/experts/index9a7b.html]
[fanaticforfitness79353315.wordpress.com/experts/index5a58.html]
[s0.wp.com/wp-content/themes/h4/global21a2.css]
[fanaticforfitness79353315.wordpress.com/testing/index9a7b.html]
[fanaticforfitness79353315.wordpress.com/testing/index5a58.html]
[fanaticforfitness79353315.wordpress.com/underweight/index9a7b.html]
[fanaticforfitness79353315.wordpress.com/underweight/index5a58.html]
[fanaticforfitness79353315.wordpress.com/overweight/index9a7b.html]
[fanaticforfitness79353315.wordpress.com/overweight/index5a58.html]
[fanaticforfitness79353315.wordpress.com/our-devices/index9a7b.html]
[fanaticforfitness79353315.wordpress.com/our-devices/index5a58.html]
